2025-11-30 00:46:43.955   [main] DEBUG i.g.n.rest.holder.ApplicationContextHolder - The application context holder has be initiated
2025-11-30 00:46:43.957   [main] DEBUG i.g.nichetoolkit.rest.holder.MessageSourceHolder - The message source context holder has be initiated
2025-11-30 00:46:43.973   [main] DEBUG io.github.nichetoolkit.rest.JwtWorkerTest - Running with Spring Boot v4.0.0, Spring v7.0.1
2025-11-30 00:46:44.024   [main] DEBUG i.g.n.rest.holder.BeanDefinitionRegistryHolder - The bean definition registry holder has be initiated
2025-11-30 00:46:44.719   [main] DEBUG i.g.n.rest.holder.ListableBeanFactoryHolder - The listable bean factory holder has be initiated
2025-11-30 00:46:44.836   [main] DEBUG i.g.n.rest.configure.RestI18nAutoConfigure - The auto configuration for [rest-i18n] initiated
2025-11-30 00:46:44.852   [main] DEBUG i.g.n.rest.configure.RestI18nAutoConfigure - The auto configuration for [i18n-message] initiated
2025-11-30 00:46:44.852   [main] DEBUG i.g.nichetoolkit.rest.holder.MessageSourceHolder - The message source context holder has be refreshed
2025-11-30 00:46:44.928   [main] DEBUG i.g.n.rest.configure.RestWorkerAutoConfigure - The auto configuration for [rest-worker] initiated
2025-11-30 00:46:44.994   [main] DEBUG io.github.nichetoolkit.rest.worker.RadixWorker - The radix      properties: {"digits":"qwe8as2dzx9c7p5ik3mjufr4vyltn6bgh","enabled":true,"minLength":6,"supply":"o"}
2025-11-30 00:46:45.004   [main] DEBUG io.github.nichetoolkit.rest.worker.sha.ShaWorker - The sha        properties: {"algorithm":3,"enabled":true,"secret":"4AFa1sTe45FAst2^aPHV7sVG"}
2025-11-30 00:46:45.017   [main] DEBUG io.github.nichetoolkit.rest.worker.jwt.JwtWorker - The jwt        properties: {"algorithm":"HS256","audiences":[],"enabled":true,"expireTime":0,"expireUnit":"Millis","issuedDelayTime":0,"issuedDelayUnit":"Millis","issuer":"io.github.nichetoolkit","kid":"","notBeforeEnabled":false,"secret":"4AFa1sTe45FAst2^aPHV7sVG"}
2025-11-30 00:46:45.029   [main] DEBUG i.g.n.rest.configure.RestInterceptAutoConfigure - The auto configuration for [rest-intercept] initiated
2025-11-30 00:46:45.032   [main] DEBUG i.g.n.rest.handler.RestControllerHandler - The exception      properties: {"consoleLog":{"commonExceptionEnabled":true,"restExceptionEnabled":true},"messageI18n":{"messagePrefix":"i18n@","transformEnabled":false}}
2025-11-30 00:46:45.043   [main] DEBUG io.github.nichetoolkit.rest.util.LoggerUtils - The fitter bean of [io.github.nichetoolkit.rest.TestFitter] type for named 'testFitter' has be initiated.
2025-11-30 00:46:45.055   [main] DEBUG i.g.n.rest.handler.RestControllerHandler - There are 1 fulfilled fitter beans has be initiated.
2025-11-30 00:46:45.120   [main] DEBUG i.g.n.rest.configure.RestLicenseAutoConfigure - The auto configuration for [rest-license] initiated
2025-11-30 00:46:45.401   [main] DEBUG i.g.n.rest.configure.RestCoreAutoConfigure - The auto configuration for [rest-core] initiated
2025-11-30 00:46:45.577   [main] DEBUG io.github.nichetoolkit.rest.worker.rsa.RsaWorker - The rsa        properties: {"autoVerify":true,"enabled":true,"keySize":1024,"privateKey":"MIICdQIBADANBgkqhkiG9w0BAQEFAASCAl8wggJbAgEAAoGBAJ034mnCO7_djBEcSLSLo5iMXeeFjjOypIlnfp4nTCVNdufIVJieot1D0dvatI2IlFb5JCjmPmB3nvXhx5ao-8oISoch6ZvH2rsI5Sj6NBv39f7TjQHiWYWRDk68RzXXOQxh2DGYKlSOyPrHmBWL1EG4HiRJplfEmBevMvKd4CRBAgMBAAECgYBAY7f2Kpe__-Oyyku4rgwlmS-Id_mCkOK0Z8_CxEN6b5yIV1LWYvo-9tzHV25lHQ_sAwPdQFdBuRxAheTxfmoIb5IOUO6D_Km6BrloDIB37B5smxdrsS-1xCiengA4GK6ND2v8Zv2UnQ0J95EfHWVhOh63gPpw4hC_5Bb33UNgAQJBAPfb0B2KwEhIqUS_Cpf1QMNpefup5GRAygvxqansrtKehmxhvSAfRisHRkeg1eO4x0vEXfz-awvbRAPkIWpDjoECQQCiYeW7iuwQQmn3UHLtJZsnhGU9e2BTnLIi3GROHjq_EWcpewjibSBGujVUIUPZKg4qipxnSRy9JcKss6Pd8TXBAkAd6lP2HNcUYmC7wWsf6CQG8eYdL-Y3C3LXejWGIuD-3s9OqYVQKTYo31nmL01hjN3REURe0r5M0gwlhBVcZAcBAkAwS7WsRfFYFKi3qfHEnr66ziHeW2eW9q_0tmAO6-bFFUP9jl5iGdrTrmZWE16-pEd6V6eVAKXPi_-Opg9C348BAkAIApHVGuXj0KY2jyTQpDJzbCqhXKWUKgYQ6LbgzWf5vn_1BSS5Wx4ltQrqe3uhusx8TuoZo7jys00H4Xow1VaR","publicKey":"MIGfMA0GCSqGSIb3DQEBAQUAA4GNADCBiQKBgQCdN-Jpwju_3YwRHEi0i6OYjF3nhY4zsqSJZ36eJ0wlTXbnyFSYnqLdQ9Hb2rSNiJRW-SQo5j5gd5714ceWqPvKCEqHIembx9q7COUo-jQb9_X-040B4lmFkQ5OvEc11zkMYdgxmCpUjsj6x5gVi9RBuB4kSaZXxJgXrzLyneAkQQIDAQAB"}
2025-11-30 00:46:45.596   [main] DEBUG i.g.nichetoolkit.rest.license.LicenseCreatorWorker - The creator    properties: {"consumerSize":1,"consumerType":"user","description":"rest server info license","expiryTime":"2025-11-02 00:00:00","extraInfo":{"boardCheck":true,"boardSerial":"Default string be filled by O.E.M","cpuCheck":true,"cpuSerial":"BFEBFBFF000906A3","ipAddress":["192.168.5.50"],"ipCheck":true,"macAddress":["C0-BF-BE-EA-C5-24"],"macCheck":true},"issuedTime":"2025-11-01 00:00:00","keyPass":"sCEuUecTNet3ZnUJaTxu","licensePath":"F:\\GitHubWorkspaces\\NicheToolkit\\rest-toolkit\\rest-toolkit-example\\licenses\\license.lic","privateAlias":"privateKey","privateKeysStorePath":"F:\\GitHubWorkspaces\\NicheToolkit\\rest-toolkit\\rest-toolkit-example\\licenses\\privateKeys.keystore","storePass":"5rjbahNkhcCKpGtpT2Xs","subject":"rest-server"}
2025-11-30 00:46:45.614   [main] DEBUG i.g.n.rest.configure.RestUtilsAutoConfigure - The auto configuration for [rest-utils] initiated
2025-11-30 00:46:45.617   [main] DEBUG i.g.n.rest.configure.RestStarterAutoConfigure - The auto configuration for [rest-starter] initiated
2025-11-30 00:46:45.618   [main] DEBUG i.g.n.rest.configure.RestExampleAutoConfigure - The auto configuration for [rest-example] initiated
2025-11-30 00:46:45.628   [main] DEBUG i.g.n.rest.configure.RestHttpAutoConfigure - The auto configuration for [rest-http] initiated
2025-11-30 00:46:45.628   [main] DEBUG i.g.n.rest.configure.RestHttpAutoConfigure - The auto configuration for [defaultClient] rest template initiated
2025-11-30 00:46:45.649   [main] DEBUG i.g.n.rest.configure.RestHttpAutoConfigure - The http       properties: {"charset":"UTF-8","connectTimeout":2000,"enabled":true,"encodingMode":"NONE","httpType":"default_client","keepAliveHosts":null,"keepAliveTime":600000,"maxCoreSize":5,"maxIdleSize":10,"proxy":{"hostname":"","port":null,"type":"socks"},"readTimeout":30000,"requestTimeout":200,"retryTimes":0}
2025-11-30 00:46:45.655   [main] DEBUG i.g.n.rest.configure.RestIdentityAutoConfigure - The auto configuration for [rest-identity] initiated
2025-11-30 00:46:45.661   [main] DEBUG i.g.nichetoolkit.rest.identity.IdentityFactory - The identity   properties: {"config":{"centerId":2,"sequence":1,"workerId":1},"enabled":true,"server":{"api":"","sequence":1,"url":""},"type":"CONFIG"}
2025-11-30 00:46:45.661   [main] DEBUG i.g.n.rest.configure.RestLogbackAutoConfigure - The auto configuration for [rest-logback] initiated
2025-11-30 00:47:35.957   [main] DEBUG i.g.n.rest.holder.ApplicationContextHolder - The application context holder has be initiated
2025-11-30 00:47:35.961   [main] DEBUG i.g.nichetoolkit.rest.holder.MessageSourceHolder - The message source context holder has be initiated
2025-11-30 00:47:35.973   [main] DEBUG io.github.nichetoolkit.rest.JwtWorkerTest - Running with Spring Boot v4.0.0, Spring v7.0.1
2025-11-30 00:47:36.017   [main] DEBUG i.g.n.rest.holder.BeanDefinitionRegistryHolder - The bean definition registry holder has be initiated
2025-11-30 00:47:36.704   [main] DEBUG i.g.n.rest.holder.ListableBeanFactoryHolder - The listable bean factory holder has be initiated
2025-11-30 00:47:36.826   [main] DEBUG i.g.n.rest.configure.RestI18nAutoConfigure - The auto configuration for [rest-i18n] initiated
2025-11-30 00:47:36.829   [main] DEBUG i.g.n.rest.configure.RestI18nAutoConfigure - The auto configuration for [i18n-message] initiated
2025-11-30 00:47:36.833   [main] DEBUG i.g.nichetoolkit.rest.holder.MessageSourceHolder - The message source context holder has be refreshed
2025-11-30 00:47:36.891   [main] DEBUG i.g.n.rest.configure.RestWorkerAutoConfigure - The auto configuration for [rest-worker] initiated
2025-11-30 00:47:36.959   [main] DEBUG io.github.nichetoolkit.rest.worker.RadixWorker - The radix      properties: {"digits":"qwe8as2dzx9c7p5ik3mjufr4vyltn6bgh","enabled":true,"minLength":6,"supply":"o"}
2025-11-30 00:47:36.970   [main] DEBUG io.github.nichetoolkit.rest.worker.sha.ShaWorker - The sha        properties: {"algorithm":3,"enabled":true,"secret":"4AFa1sTe45FAst2^aPHV7sVG"}
2025-11-30 00:47:36.985   [main] DEBUG io.github.nichetoolkit.rest.worker.jwt.JwtWorker - The jwt        properties: {"algorithm":"HS256","audiences":[],"enabled":true,"expireTime":0,"expireUnit":"Millis","issuedDelayTime":0,"issuedDelayUnit":"Millis","issuer":"io.github.nichetoolkit","kid":"","notBeforeEnabled":false,"secret":"4AFa1sTe45FAst2^aPHV7sVG"}
2025-11-30 00:47:36.997   [main] DEBUG i.g.n.rest.configure.RestInterceptAutoConfigure - The auto configuration for [rest-intercept] initiated
2025-11-30 00:47:37.000   [main] DEBUG i.g.n.rest.handler.RestControllerHandler - The exception      properties: {"consoleLog":{"commonExceptionEnabled":true,"restExceptionEnabled":true},"messageI18n":{"messagePrefix":"i18n@","transformEnabled":false}}
2025-11-30 00:47:37.010   [main] DEBUG io.github.nichetoolkit.rest.util.LoggerUtils - The fitter bean of [io.github.nichetoolkit.rest.TestFitter] type for named 'testFitter' has be initiated.
2025-11-30 00:47:37.016   [main] DEBUG i.g.n.rest.handler.RestControllerHandler - There are 1 fulfilled fitter beans has be initiated.
2025-11-30 00:47:37.354   [main] DEBUG i.g.n.rest.configure.RestCoreAutoConfigure - The auto configuration for [rest-core] initiated
2025-11-30 00:47:37.513   [main] DEBUG io.github.nichetoolkit.rest.worker.rsa.RsaWorker - The rsa        properties: {"autoVerify":true,"enabled":true,"keySize":1024,"privateKey":"MIICdQIBADANBgkqhkiG9w0BAQEFAASCAl8wggJbAgEAAoGBAJ034mnCO7_djBEcSLSLo5iMXeeFjjOypIlnfp4nTCVNdufIVJieot1D0dvatI2IlFb5JCjmPmB3nvXhx5ao-8oISoch6ZvH2rsI5Sj6NBv39f7TjQHiWYWRDk68RzXXOQxh2DGYKlSOyPrHmBWL1EG4HiRJplfEmBevMvKd4CRBAgMBAAECgYBAY7f2Kpe__-Oyyku4rgwlmS-Id_mCkOK0Z8_CxEN6b5yIV1LWYvo-9tzHV25lHQ_sAwPdQFdBuRxAheTxfmoIb5IOUO6D_Km6BrloDIB37B5smxdrsS-1xCiengA4GK6ND2v8Zv2UnQ0J95EfHWVhOh63gPpw4hC_5Bb33UNgAQJBAPfb0B2KwEhIqUS_Cpf1QMNpefup5GRAygvxqansrtKehmxhvSAfRisHRkeg1eO4x0vEXfz-awvbRAPkIWpDjoECQQCiYeW7iuwQQmn3UHLtJZsnhGU9e2BTnLIi3GROHjq_EWcpewjibSBGujVUIUPZKg4qipxnSRy9JcKss6Pd8TXBAkAd6lP2HNcUYmC7wWsf6CQG8eYdL-Y3C3LXejWGIuD-3s9OqYVQKTYo31nmL01hjN3REURe0r5M0gwlhBVcZAcBAkAwS7WsRfFYFKi3qfHEnr66ziHeW2eW9q_0tmAO6-bFFUP9jl5iGdrTrmZWE16-pEd6V6eVAKXPi_-Opg9C348BAkAIApHVGuXj0KY2jyTQpDJzbCqhXKWUKgYQ6LbgzWf5vn_1BSS5Wx4ltQrqe3uhusx8TuoZo7jys00H4Xow1VaR","publicKey":"MIGfMA0GCSqGSIb3DQEBAQUAA4GNADCBiQKBgQCdN-Jpwju_3YwRHEi0i6OYjF3nhY4zsqSJZ36eJ0wlTXbnyFSYnqLdQ9Hb2rSNiJRW-SQo5j5gd5714ceWqPvKCEqHIembx9q7COUo-jQb9_X-040B4lmFkQ5OvEc11zkMYdgxmCpUjsj6x5gVi9RBuB4kSaZXxJgXrzLyneAkQQIDAQAB"}
2025-11-30 00:47:37.530   [main] DEBUG i.g.nichetoolkit.rest.license.LicenseCreatorWorker - The creator    properties: {"consumerSize":1,"consumerType":"user","description":"rest server info license","expiryTime":"2025-11-02 00:00:00","extraInfo":{"boardCheck":true,"boardSerial":"Default string be filled by O.E.M","cpuCheck":true,"cpuSerial":"BFEBFBFF000906A3","ipAddress":["192.168.5.50"],"ipCheck":true,"macAddress":["C0-BF-BE-EA-C5-24"],"macCheck":true},"issuedTime":"2025-11-01 00:00:00","keyPass":"sCEuUecTNet3ZnUJaTxu","licensePath":"F:\\GitHubWorkspaces\\NicheToolkit\\rest-toolkit\\rest-toolkit-example\\licenses\\license.lic","privateAlias":"privateKey","privateKeysStorePath":"F:\\GitHubWorkspaces\\NicheToolkit\\rest-toolkit\\rest-toolkit-example\\licenses\\privateKeys.keystore","storePass":"5rjbahNkhcCKpGtpT2Xs","subject":"rest-server"}
2025-11-30 00:47:37.530   [main] DEBUG i.g.n.rest.configure.RestUtilsAutoConfigure - The auto configuration for [rest-utils] initiated
2025-11-30 00:47:37.532   [main] DEBUG i.g.n.rest.configure.RestStarterAutoConfigure - The auto configuration for [rest-starter] initiated
2025-11-30 00:47:37.533   [main] DEBUG i.g.n.rest.configure.RestExampleAutoConfigure - The auto configuration for [rest-example] initiated
2025-11-30 00:47:37.541   [main] DEBUG i.g.n.rest.configure.RestHttpAutoConfigure - The auto configuration for [rest-http] initiated
2025-11-30 00:47:37.541   [main] DEBUG i.g.n.rest.configure.RestHttpAutoConfigure - The auto configuration for [defaultClient] rest template initiated
2025-11-30 00:47:37.563   [main] DEBUG i.g.n.rest.configure.RestHttpAutoConfigure - The http       properties: {"charset":"UTF-8","connectTimeout":2000,"enabled":true,"encodingMode":"NONE","httpType":"default_client","keepAliveHosts":null,"keepAliveTime":600000,"maxCoreSize":5,"maxIdleSize":10,"proxy":{"hostname":"","port":null,"type":"socks"},"readTimeout":30000,"requestTimeout":200,"retryTimes":0}
2025-11-30 00:47:37.571   [main] DEBUG i.g.n.rest.configure.RestIdentityAutoConfigure - The auto configuration for [rest-identity] initiated
2025-11-30 00:47:37.578   [main] DEBUG i.g.nichetoolkit.rest.identity.IdentityFactory - The identity   properties: {"config":{"centerId":2,"sequence":1,"workerId":1},"enabled":true,"server":{"api":"","sequence":1,"url":""},"type":"CONFIG"}
2025-11-30 00:47:37.582   [main] DEBUG i.g.n.rest.configure.RestLicenseAutoConfigure - The auto configuration for [rest-license] initiated
2025-11-30 00:47:37.585   [main] DEBUG i.g.n.rest.configure.RestLogbackAutoConfigure - The auto configuration for [rest-logback] initiated
2025-11-30 00:49:41.670   [main] DEBUG i.g.n.rest.holder.ApplicationContextHolder - The application context holder has be initiated
2025-11-30 00:49:41.674   [main] DEBUG i.g.nichetoolkit.rest.holder.MessageSourceHolder - The message source context holder has be initiated
2025-11-30 00:49:41.690   [main] DEBUG io.github.nichetoolkit.rest.JwtWorkerTest - Running with Spring Boot v4.0.0, Spring v7.0.1
2025-11-30 00:49:41.734   [main] DEBUG i.g.n.rest.holder.BeanDefinitionRegistryHolder - The bean definition registry holder has be initiated
2025-11-30 00:49:42.454   [main] DEBUG i.g.n.rest.holder.ListableBeanFactoryHolder - The listable bean factory holder has be initiated
2025-11-30 00:49:42.579   [main] DEBUG i.g.n.rest.configure.RestI18nAutoConfigure - The auto configuration for [rest-i18n] initiated
2025-11-30 00:49:42.583   [main] DEBUG i.g.n.rest.configure.RestI18nAutoConfigure - The auto configuration for [i18n-message] initiated
2025-11-30 00:49:42.587   [main] DEBUG i.g.nichetoolkit.rest.holder.MessageSourceHolder - The message source context holder has be refreshed
2025-11-30 00:49:42.668   [main] DEBUG i.g.n.rest.configure.RestWorkerAutoConfigure - The auto configuration for [rest-worker] initiated
2025-11-30 00:49:42.749   [main] DEBUG io.github.nichetoolkit.rest.worker.RadixWorker - The radix      properties: {"digits":"qwe8as2dzx9c7p5ik3mjufr4vyltn6bgh","enabled":true,"minLength":6,"supply":"o"}
2025-11-30 00:49:42.758   [main] DEBUG io.github.nichetoolkit.rest.worker.sha.ShaWorker - The sha        properties: {"algorithm":3,"enabled":true,"secret":"4AFa1sTe45FAst2^aPHV7sVG"}
2025-11-30 00:49:42.773   [main] DEBUG io.github.nichetoolkit.rest.worker.jwt.JwtWorker - The jwt        properties: {"algorithm":"HS256","audiences":[],"enabled":true,"expireTime":0,"expireUnit":"Millis","issuedDelayTime":0,"issuedDelayUnit":"Millis","issuer":"io.github.nichetoolkit","kid":"","notBeforeEnabled":false,"secret":"4AFa1sTe45FAst2^aPHV7sVG"}
2025-11-30 00:49:42.784   [main] DEBUG i.g.n.rest.configure.RestInterceptAutoConfigure - The auto configuration for [rest-intercept] initiated
2025-11-30 00:49:42.789   [main] DEBUG i.g.n.rest.handler.RestControllerHandler - The exception      properties: {"consoleLog":{"commonExceptionEnabled":true,"restExceptionEnabled":true},"messageI18n":{"messagePrefix":"i18n@","transformEnabled":false}}
2025-11-30 00:49:42.796   [main] DEBUG io.github.nichetoolkit.rest.util.LoggerUtils - The fitter bean of [io.github.nichetoolkit.rest.TestFitter] type for named 'testFitter' has be initiated.
2025-11-30 00:49:42.802   [main] DEBUG i.g.n.rest.handler.RestControllerHandler - There are 1 fulfilled fitter beans has be initiated.
2025-11-30 00:49:43.202   [main] DEBUG i.g.n.rest.configure.RestCoreAutoConfigure - The auto configuration for [rest-core] initiated
2025-11-30 00:49:43.343   [main] DEBUG io.github.nichetoolkit.rest.worker.rsa.RsaWorker - The rsa        properties: {"autoVerify":true,"enabled":true,"keySize":1024,"privateKey":"MIICdQIBADANBgkqhkiG9w0BAQEFAASCAl8wggJbAgEAAoGBAJ034mnCO7_djBEcSLSLo5iMXeeFjjOypIlnfp4nTCVNdufIVJieot1D0dvatI2IlFb5JCjmPmB3nvXhx5ao-8oISoch6ZvH2rsI5Sj6NBv39f7TjQHiWYWRDk68RzXXOQxh2DGYKlSOyPrHmBWL1EG4HiRJplfEmBevMvKd4CRBAgMBAAECgYBAY7f2Kpe__-Oyyku4rgwlmS-Id_mCkOK0Z8_CxEN6b5yIV1LWYvo-9tzHV25lHQ_sAwPdQFdBuRxAheTxfmoIb5IOUO6D_Km6BrloDIB37B5smxdrsS-1xCiengA4GK6ND2v8Zv2UnQ0J95EfHWVhOh63gPpw4hC_5Bb33UNgAQJBAPfb0B2KwEhIqUS_Cpf1QMNpefup5GRAygvxqansrtKehmxhvSAfRisHRkeg1eO4x0vEXfz-awvbRAPkIWpDjoECQQCiYeW7iuwQQmn3UHLtJZsnhGU9e2BTnLIi3GROHjq_EWcpewjibSBGujVUIUPZKg4qipxnSRy9JcKss6Pd8TXBAkAd6lP2HNcUYmC7wWsf6CQG8eYdL-Y3C3LXejWGIuD-3s9OqYVQKTYo31nmL01hjN3REURe0r5M0gwlhBVcZAcBAkAwS7WsRfFYFKi3qfHEnr66ziHeW2eW9q_0tmAO6-bFFUP9jl5iGdrTrmZWE16-pEd6V6eVAKXPi_-Opg9C348BAkAIApHVGuXj0KY2jyTQpDJzbCqhXKWUKgYQ6LbgzWf5vn_1BSS5Wx4ltQrqe3uhusx8TuoZo7jys00H4Xow1VaR","publicKey":"MIGfMA0GCSqGSIb3DQEBAQUAA4GNADCBiQKBgQCdN-Jpwju_3YwRHEi0i6OYjF3nhY4zsqSJZ36eJ0wlTXbnyFSYnqLdQ9Hb2rSNiJRW-SQo5j5gd5714ceWqPvKCEqHIembx9q7COUo-jQb9_X-040B4lmFkQ5OvEc11zkMYdgxmCpUjsj6x5gVi9RBuB4kSaZXxJgXrzLyneAkQQIDAQAB"}
2025-11-30 00:49:43.358   [main] DEBUG i.g.nichetoolkit.rest.license.LicenseCreatorWorker - The creator    properties: {"consumerSize":1,"consumerType":"user","description":"rest server info license","expiryTime":"2025-11-02 00:00:00","extraInfo":{"boardCheck":true,"boardSerial":"Default string be filled by O.E.M","cpuCheck":true,"cpuSerial":"BFEBFBFF000906A3","ipAddress":["192.168.5.50"],"ipCheck":true,"macAddress":["C0-BF-BE-EA-C5-24"],"macCheck":true},"issuedTime":"2025-11-01 00:00:00","keyPass":"sCEuUecTNet3ZnUJaTxu","licensePath":"F:\\GitHubWorkspaces\\NicheToolkit\\rest-toolkit\\rest-toolkit-example\\licenses\\license.lic","privateAlias":"privateKey","privateKeysStorePath":"F:\\GitHubWorkspaces\\NicheToolkit\\rest-toolkit\\rest-toolkit-example\\licenses\\privateKeys.keystore","storePass":"5rjbahNkhcCKpGtpT2Xs","subject":"rest-server"}
2025-11-30 00:49:43.359   [main] DEBUG i.g.n.rest.configure.RestUtilsAutoConfigure - The auto configuration for [rest-utils] initiated
2025-11-30 00:49:43.362   [main] DEBUG i.g.n.rest.configure.RestStarterAutoConfigure - The auto configuration for [rest-starter] initiated
2025-11-30 00:49:43.362   [main] DEBUG i.g.n.rest.configure.RestExampleAutoConfigure - The auto configuration for [rest-example] initiated
2025-11-30 00:49:43.369   [main] DEBUG i.g.n.rest.configure.RestHttpAutoConfigure - The auto configuration for [rest-http] initiated
2025-11-30 00:49:43.370   [main] DEBUG i.g.n.rest.configure.RestHttpAutoConfigure - The auto configuration for [defaultClient] rest template initiated
2025-11-30 00:49:43.402   [main] DEBUG i.g.n.rest.configure.RestHttpAutoConfigure - The http       properties: {"charset":"UTF-8","connectTimeout":2000,"enabled":true,"encodingMode":"NONE","httpType":"default_client","keepAliveHosts":null,"keepAliveTime":600000,"maxCoreSize":5,"maxIdleSize":10,"proxy":{"hostname":"","port":null,"type":"socks"},"readTimeout":30000,"requestTimeout":200,"retryTimes":0}
2025-11-30 00:49:43.414   [main] DEBUG i.g.n.rest.configure.RestIdentityAutoConfigure - The auto configuration for [rest-identity] initiated
2025-11-30 00:49:43.418   [main] DEBUG i.g.nichetoolkit.rest.identity.IdentityFactory - The identity   properties: {"config":{"centerId":2,"sequence":1,"workerId":1},"enabled":true,"server":{"api":"","sequence":1,"url":""},"type":"CONFIG"}
2025-11-30 00:49:43.424   [main] DEBUG i.g.n.rest.configure.RestLicenseAutoConfigure - The auto configuration for [rest-license] initiated
2025-11-30 00:49:43.428   [main] DEBUG i.g.n.rest.configure.RestLogbackAutoConfigure - The auto configuration for [rest-logback] initiated
